AR pc arch C:/Users/Jacobe/Desktop/RAT-MCU-Class-Project-/RAT_MCU/pc.vhd sub00/vhpl11 1424253402
AR int_flag arch C:/Users/Jacobe/Desktop/RAT-MCU-Class-Project-/RAT_MCU/INT_FLAG.vhd sub00/vhpl23 1424253392
EN scr NULL C:/Users/Jacobe/Desktop/RAT-MCU-Class-Project-/RAT_MCU/scratch_ram.vhd sub00/vhpl16 1424253407
EN counter_mux NULL C:/Users/Jacobe/Desktop/RAT-MCU-Class-Project-/RAT_MCU/counter_mux.vhd sub00/vhpl02 1424253389
EN z_flag NULL C:/Users/Jacobe/Desktop/RAT-MCU-Class-Project-/RAT_MCU/Z_Flag.vhd sub00/vhpl14 1424253405
EN shad_flag NULL C:/Users/Jacobe/Desktop/RAT-MCU-Class-Project-/RAT_MCU/SHAD_FLAG.vhd sub00/vhpl24 1424253411
AR control_unit behavioral C:/Users/Jacobe/Desktop/RAT-MCU-Class-Project-/RAT_MCU/F14_ControlUnit_Starter_exp7.vhd sub00/vhpl07 1424253398
AR rat_wrapper behavioral C:/Users/Jacobe/Desktop/RAT-MCU-Class-Project-/RAT_MCU/F14_RAT_MCU_Wrapper_exp7.vhd sub00/vhpl27 1424253416
AR c_flag arch C:/Users/Jacobe/Desktop/RAT-MCU-Class-Project-/RAT_MCU/C_Flag.vhd sub00/vhpl13 1424253404
EN rat_mcu NULL C:/Users/Jacobe/Desktop/RAT-MCU-Class-Project-/RAT_MCU/F14_RAT_MCU_starter_exp7.vhd sub00/vhpl20 1424253413
AR sp arch C:/Users/Jacobe/Desktop/RAT-MCU-Class-Project-/RAT_MCU/SP.vhd sub00/vhpl19 1424253410
EN pc NULL C:/Users/Jacobe/Desktop/RAT-MCU-Class-Project-/RAT_MCU/pc.vhd sub00/vhpl10 1424253401
EN rat_wrapper NULL C:/Users/Jacobe/Desktop/RAT-MCU-Class-Project-/RAT_MCU/F14_RAT_MCU_Wrapper_exp7.vhd sub00/vhpl26 1424253415
AR z_flag arch C:/Users/Jacobe/Desktop/RAT-MCU-Class-Project-/RAT_MCU/Z_Flag.vhd sub00/vhpl15 1424253406
AR alu arch C:/Users/Jacobe/Desktop/RAT-MCU-Class-Project-/RAT_MCU/ALU.vhd sub00/vhpl05 1424253396
AR registerfile arch C:/Users/Jacobe/Desktop/RAT-MCU-Class-Project-/RAT_MCU/reg_file.vhd sub00/vhpl09 1424253400
EN counter NULL C:/Users/Jacobe/Desktop/RAT-MCU-Class-Project-/RAT_MCU/counter.vhd sub00/vhpl00 1424253387
EN sp NULL C:/Users/Jacobe/Desktop/RAT-MCU-Class-Project-/RAT_MCU/SP.vhd sub00/vhpl18 1424253409
AR scr arch C:/Users/Jacobe/Desktop/RAT-MCU-Class-Project-/RAT_MCU/scratch_ram.vhd sub00/vhpl17 1424253408
AR counter arch C:/Users/Jacobe/Desktop/RAT-MCU-Class-Project-/RAT_MCU/counter.vhd sub00/vhpl01 1424253388
EN prog_rom NULL C:/Users/Jacobe/Desktop/RAT-MCU-Class-Project-/RAT_MCU/prog_rom.vhd sub00/vhpl28 1424253393
EN int_flag NULL C:/Users/Jacobe/Desktop/RAT-MCU-Class-Project-/RAT_MCU/INT_FLAG.vhd sub00/vhpl22 1424253391
EN c_flag NULL C:/Users/Jacobe/Desktop/RAT-MCU-Class-Project-/RAT_MCU/C_Flag.vhd sub00/vhpl12 1424253403
AR prog_rom low_level_definition C:/Users/Jacobe/Desktop/RAT-MCU-Class-Project-/RAT_MCU/prog_rom.vhd sub00/vhpl29 1424253394
AR shad_flag arch C:/Users/Jacobe/Desktop/RAT-MCU-Class-Project-/RAT_MCU/SHAD_FLAG.vhd sub00/vhpl25 1424253412
EN control_unit NULL C:/Users/Jacobe/Desktop/RAT-MCU-Class-Project-/RAT_MCU/F14_ControlUnit_Starter_exp7.vhd sub00/vhpl06 1424253397
AR rat_mcu behavioral C:/Users/Jacobe/Desktop/RAT-MCU-Class-Project-/RAT_MCU/F14_RAT_MCU_starter_exp7.vhd sub00/vhpl21 1424253414
AR counter_mux arch C:/Users/Jacobe/Desktop/RAT-MCU-Class-Project-/RAT_MCU/counter_mux.vhd sub00/vhpl03 1424253390
EN alu NULL C:/Users/Jacobe/Desktop/RAT-MCU-Class-Project-/RAT_MCU/ALU.vhd sub00/vhpl04 1424253395
EN registerfile NULL C:/Users/Jacobe/Desktop/RAT-MCU-Class-Project-/RAT_MCU/reg_file.vhd sub00/vhpl08 1424253399
