AR pc arch C:/Users/Jacobe/Desktop/RAT-MCU-Class-Project-/RAT_MCU/pc.vhd sub00/vhpl11 1424244308
AR int_flag arch C:/Users/Jacobe/Desktop/RAT-MCU-Class-Project-/RAT_MCU/INT_FLAG.vhd sub00/vhpl23 1424244300
EN scr NULL C:/Users/Jacobe/Desktop/RAT-MCU-Class-Project-/RAT_MCU/scratch_ram.vhd sub00/vhpl16 1424244313
EN counter_mux NULL C:/Users/Jacobe/Desktop/RAT-MCU-Class-Project-/RAT_MCU/counter_mux.vhd sub00/vhpl02 1424244297
EN z_flag NULL C:/Users/Jacobe/Desktop/RAT-MCU-Class-Project-/RAT_MCU/Z_Flag.vhd sub00/vhpl14 1424244311
EN shad_flag NULL C:/Users/Jacobe/Desktop/RAT-MCU-Class-Project-/RAT_MCU/SHAD_FLAG.vhd sub00/vhpl24 1424244317
AR control_unit behavioral C:/Users/Jacobe/Desktop/RAT-MCU-Class-Project-/RAT_MCU/F14_ControlUnit_Starter_exp7.vhd sub00/vhpl07 1424244304
AR c_flag arch C:/Users/Jacobe/Desktop/RAT-MCU-Class-Project-/RAT_MCU/C_Flag.vhd sub00/vhpl13 1424244310
EN rat_mcu NULL C:/Users/Jacobe/Desktop/RAT-MCU-Class-Project-/RAT_MCU/F14_RAT_MCU_starter_exp7.vhd sub00/vhpl20 1424244319
AR sp arch C:/Users/Jacobe/Desktop/RAT-MCU-Class-Project-/RAT_MCU/SP.vhd sub00/vhpl19 1424244316
EN pc NULL C:/Users/Jacobe/Desktop/RAT-MCU-Class-Project-/RAT_MCU/pc.vhd sub00/vhpl10 1424244307
AR z_flag arch C:/Users/Jacobe/Desktop/RAT-MCU-Class-Project-/RAT_MCU/Z_Flag.vhd sub00/vhpl15 1424244312
AR alu arch C:/Users/Jacobe/Desktop/RAT-MCU-Class-Project-/RAT_MCU/ALU.vhd sub00/vhpl05 1424244302
AR registerfile arch C:/Users/Jacobe/Desktop/RAT-MCU-Class-Project-/RAT_MCU/reg_file.vhd sub00/vhpl09 1424244306
EN counter NULL C:/Users/Jacobe/Desktop/RAT-MCU-Class-Project-/RAT_MCU/counter.vhd sub00/vhpl00 1424244295
EN sp NULL C:/Users/Jacobe/Desktop/RAT-MCU-Class-Project-/RAT_MCU/SP.vhd sub00/vhpl18 1424244315
AR scr arch C:/Users/Jacobe/Desktop/RAT-MCU-Class-Project-/RAT_MCU/scratch_ram.vhd sub00/vhpl17 1424244314
AR counter arch C:/Users/Jacobe/Desktop/RAT-MCU-Class-Project-/RAT_MCU/counter.vhd sub00/vhpl01 1424244296
EN int_flag NULL C:/Users/Jacobe/Desktop/RAT-MCU-Class-Project-/RAT_MCU/INT_FLAG.vhd sub00/vhpl22 1424244299
EN c_flag NULL C:/Users/Jacobe/Desktop/RAT-MCU-Class-Project-/RAT_MCU/C_Flag.vhd sub00/vhpl12 1424244309
AR shad_flag arch C:/Users/Jacobe/Desktop/RAT-MCU-Class-Project-/RAT_MCU/SHAD_FLAG.vhd sub00/vhpl25 1424244318
EN control_unit NULL C:/Users/Jacobe/Desktop/RAT-MCU-Class-Project-/RAT_MCU/F14_ControlUnit_Starter_exp7.vhd sub00/vhpl06 1424244303
AR rat_mcu behavioral C:/Users/Jacobe/Desktop/RAT-MCU-Class-Project-/RAT_MCU/F14_RAT_MCU_starter_exp7.vhd sub00/vhpl21 1424244320
AR counter_mux arch C:/Users/Jacobe/Desktop/RAT-MCU-Class-Project-/RAT_MCU/counter_mux.vhd sub00/vhpl03 1424244298
EN alu NULL C:/Users/Jacobe/Desktop/RAT-MCU-Class-Project-/RAT_MCU/ALU.vhd sub00/vhpl04 1424244301
EN registerfile NULL C:/Users/Jacobe/Desktop/RAT-MCU-Class-Project-/RAT_MCU/reg_file.vhd sub00/vhpl08 1424244305
