V3 59
FL C:/Users/Jacobe/Desktop/RAT-MCU-Class-Project-/RAT_MCU/ALU.vhd 2015/02/11.07:36:54 P.20131013
EN work/alu 1424253395 \
      FL C:/Users/Jacobe/Desktop/RAT-MCU-Class-Project-/RAT_MCU/ALU.vhd \
      PB ieee/std_logic_1164 1381692176 PB ieee/std_logic_arith 1381692177 \
      PB ieee/STD_LOGIC_UNSIGNED 1381692179
AR work/alu/arch 1424253396 \
      FL C:/Users/Jacobe/Desktop/RAT-MCU-Class-Project-/RAT_MCU/ALU.vhd \
      EN work/alu 1424253395
FL C:/Users/Jacobe/Desktop/RAT-MCU-Class-Project-/RAT_MCU/counter.vhd 2015/02/12.21:25:16 P.20131013
EN work/counter 1424253387 \
      FL C:/Users/Jacobe/Desktop/RAT-MCU-Class-Project-/RAT_MCU/counter.vhd \
      PB ieee/std_logic_1164 1381692176 PB ieee/NUMERIC_STD 1381692181
AR work/counter/arch 1424253388 \
      FL C:/Users/Jacobe/Desktop/RAT-MCU-Class-Project-/RAT_MCU/counter.vhd \
      EN work/counter 1424253387
FL C:/Users/Jacobe/Desktop/RAT-MCU-Class-Project-/RAT_MCU/counter_mux.vhd 2015/02/12.22:26:28 P.20131013
EN work/counter_mux 1424253389 \
      FL C:/Users/Jacobe/Desktop/RAT-MCU-Class-Project-/RAT_MCU/counter_mux.vhd \
      PB ieee/std_logic_1164 1381692176 PB ieee/NUMERIC_STD 1381692181
AR work/counter_mux/arch 1424253390 \
      FL C:/Users/Jacobe/Desktop/RAT-MCU-Class-Project-/RAT_MCU/counter_mux.vhd \
      EN work/counter_mux 1424253389
FL C:/Users/Jacobe/Desktop/RAT-MCU-Class-Project-/RAT_MCU/C_Flag.vhd 2015/02/11.05:43:38 P.20131013
EN work/C_Flag 1424253403 \
      FL C:/Users/Jacobe/Desktop/RAT-MCU-Class-Project-/RAT_MCU/C_Flag.vhd \
      PB ieee/std_logic_1164 1381692176
AR work/C_Flag/arch 1424253404 \
      FL C:/Users/Jacobe/Desktop/RAT-MCU-Class-Project-/RAT_MCU/C_Flag.vhd \
      EN work/C_Flag 1424253403
FL C:/Users/Jacobe/Desktop/RAT-MCU-Class-Project-/RAT_MCU/F14_ControlUnit_Starter_exp7.vhd 2015/02/18.01:56:25 P.20131013
EN work/CONTROL_UNIT 1424253397 \
      FL C:/Users/Jacobe/Desktop/RAT-MCU-Class-Project-/RAT_MCU/F14_ControlUnit_Starter_exp7.vhd \
      PB ieee/std_logic_1164 1381692176 PB ieee/NUMERIC_STD 1381692181
AR work/CONTROL_UNIT/Behavioral 1424253398 \
      FL C:/Users/Jacobe/Desktop/RAT-MCU-Class-Project-/RAT_MCU/F14_ControlUnit_Starter_exp7.vhd \
      EN work/CONTROL_UNIT 1424253397
FL C:/Users/Jacobe/Desktop/RAT-MCU-Class-Project-/RAT_MCU/F14_RAT_MCU_starter_exp7.vhd 2015/02/17.23:21:40 P.20131013
EN work/RAT_MCU 1424253413 \
      FL C:/Users/Jacobe/Desktop/RAT-MCU-Class-Project-/RAT_MCU/F14_RAT_MCU_starter_exp7.vhd \
      PB ieee/std_logic_1164 1381692176 PB ieee/NUMERIC_STD 1381692181
AR work/RAT_MCU/Behavioral 1424253414 \
      FL C:/Users/Jacobe/Desktop/RAT-MCU-Class-Project-/RAT_MCU/F14_RAT_MCU_starter_exp7.vhd \
      EN work/RAT_MCU 1424253413 CP int_flag CP prog_rom CP ALU CP CONTROL_UNIT \
      CP RegisterFile CP PC CP C_Flag CP Z_FLAG CP SCR CP SP CP SHAD_FLAG
FL C:/Users/Jacobe/Desktop/RAT-MCU-Class-Project-/RAT_MCU/F14_RAT_MCU_Wrapper_exp7.vhd 2015/02/18.01:41:26 P.20131013
EN work/RAT_wrapper 1424253415 \
      FL C:/Users/Jacobe/Desktop/RAT-MCU-Class-Project-/RAT_MCU/F14_RAT_MCU_Wrapper_exp7.vhd \
      PB ieee/std_logic_1164 1381692176 PB ieee/std_logic_arith 1381692177 \
      PB ieee/STD_LOGIC_UNSIGNED 1381692179
AR work/RAT_wrapper/Behavioral 1424253416 \
      FL C:/Users/Jacobe/Desktop/RAT-MCU-Class-Project-/RAT_MCU/F14_RAT_MCU_Wrapper_exp7.vhd \
      EN work/RAT_wrapper 1424253415 CP RAT_MCU
FL C:/Users/Jacobe/Desktop/RAT-MCU-Class-Project-/RAT_MCU/INT_FLAG.vhd 2015/02/17.22:50:26 P.20131013
EN work/INT_FLAG 1424253391 \
      FL C:/Users/Jacobe/Desktop/RAT-MCU-Class-Project-/RAT_MCU/INT_FLAG.vhd \
      PB ieee/std_logic_1164 1381692176
AR work/INT_FLAG/arch 1424253392 \
      FL C:/Users/Jacobe/Desktop/RAT-MCU-Class-Project-/RAT_MCU/INT_FLAG.vhd \
      EN work/INT_FLAG 1424253391
FL C:/Users/Jacobe/Desktop/RAT-MCU-Class-Project-/RAT_MCU/pc.vhd 2015/02/12.22:13:51 P.20131013
EN work/pc 1424253401 \
      FL C:/Users/Jacobe/Desktop/RAT-MCU-Class-Project-/RAT_MCU/pc.vhd \
      PB ieee/std_logic_1164 1381692176 PB ieee/NUMERIC_STD 1381692181
AR work/pc/arch 1424253402 \
      FL C:/Users/Jacobe/Desktop/RAT-MCU-Class-Project-/RAT_MCU/pc.vhd EN work/pc 1424253401 \
      AR work/counter/arch 1424253388 AR work/counter_mux/arch 1424253390
FL C:/Users/Jacobe/Desktop/RAT-MCU-Class-Project-/RAT_MCU/prog_rom.vhd 2015/02/18.01:40:22 P.20131013
EN work/prog_rom 1424253393 \
      FL C:/Users/Jacobe/Desktop/RAT-MCU-Class-Project-/RAT_MCU/prog_rom.vhd \
      PB ieee/std_logic_1164 1381692176 PB ieee/std_logic_arith 1381692177 \
      PB ieee/STD_LOGIC_UNSIGNED 1381692179 LB unisim PH unisim/VCOMPONENTS 1381692182
AR work/prog_rom/low_level_definition 1424253394 \
      FL C:/Users/Jacobe/Desktop/RAT-MCU-Class-Project-/RAT_MCU/prog_rom.vhd \
      EN work/prog_rom 1424253393 CP RAMB16_S18
FL C:/Users/Jacobe/Desktop/RAT-MCU-Class-Project-/RAT_MCU/reg_file.vhd 2015/02/11.06:09:24 P.20131013
EN work/registerfile 1424253399 \
      FL C:/Users/Jacobe/Desktop/RAT-MCU-Class-Project-/RAT_MCU/reg_file.vhd \
      PB ieee/std_logic_1164 1381692176 PB ieee/NUMERIC_STD 1381692181
AR work/registerfile/arch 1424253400 \
      FL C:/Users/Jacobe/Desktop/RAT-MCU-Class-Project-/RAT_MCU/reg_file.vhd \
      EN work/registerfile 1424253399
FL C:/Users/Jacobe/Desktop/RAT-MCU-Class-Project-/RAT_MCU/scratch_ram.vhd 2015/02/12.20:02:20 P.20131013
EN work/scr 1424253407 \
      FL C:/Users/Jacobe/Desktop/RAT-MCU-Class-Project-/RAT_MCU/scratch_ram.vhd \
      PB ieee/std_logic_1164 1381692176 PB ieee/NUMERIC_STD 1381692181
AR work/scr/arch 1424253408 \
      FL C:/Users/Jacobe/Desktop/RAT-MCU-Class-Project-/RAT_MCU/scratch_ram.vhd \
      EN work/scr 1424253407
FL C:/Users/Jacobe/Desktop/RAT-MCU-Class-Project-/RAT_MCU/SHAD_FLAG.vhd 2015/02/17.23:20:17 P.20131013
EN work/shad_flag 1424253411 \
      FL C:/Users/Jacobe/Desktop/RAT-MCU-Class-Project-/RAT_MCU/SHAD_FLAG.vhd \
      PB ieee/std_logic_1164 1381692176
AR work/shad_flag/arch 1424253412 \
      FL C:/Users/Jacobe/Desktop/RAT-MCU-Class-Project-/RAT_MCU/SHAD_FLAG.vhd \
      EN work/shad_flag 1424253411
FL C:/Users/Jacobe/Desktop/RAT-MCU-Class-Project-/RAT_MCU/SP.vhd 2015/02/09.20:01:33 P.20131013
EN work/sp 1424253409 \
      FL C:/Users/Jacobe/Desktop/RAT-MCU-Class-Project-/RAT_MCU/SP.vhd \
      PB ieee/std_logic_1164 1381692176 PB ieee/NUMERIC_STD 1381692181
AR work/sp/arch 1424253410 \
      FL C:/Users/Jacobe/Desktop/RAT-MCU-Class-Project-/RAT_MCU/SP.vhd EN work/sp 1424253409
FL C:/Users/Jacobe/Desktop/RAT-MCU-Class-Project-/RAT_MCU/Z_Flag.vhd 2015/02/11.05:44:50 P.20131013
EN work/Z_Flag 1424253405 \
      FL C:/Users/Jacobe/Desktop/RAT-MCU-Class-Project-/RAT_MCU/Z_Flag.vhd \
      PB ieee/std_logic_1164 1381692176
AR work/Z_Flag/arch 1424253406 \
      FL C:/Users/Jacobe/Desktop/RAT-MCU-Class-Project-/RAT_MCU/Z_Flag.vhd \
      EN work/Z_Flag 1424253405
